[backblue.gif]
[fade.gif]
[index.html]
[apkhost.me/loja01/download/img/favi.png]
[apkhost.me/loja01/download/img/foto1.png]
[apkhost.me/loja01/download/WsVpn.apk]
[apkhost.me/loja01/download/img/foto2.png]
[apkhost.me/loja01/download/BRVpn.apk]
[apkhost.me/loja01/download/img/foto3.png]
[apkhost.me/loja01/download/NetVpn.apk]
[apkhost.me/loja01/download/img/foto4.png]
[apkhost.me/loja01/download/PlayNet.apk]
[apkhost.me/loja01/download/img/foto5.png]
[apkhost.me/loja01/download/BrasilSSH.apk]
[apkhost.me/loja01/download/apps.html]
[apkhost.me/silentplhs.net/download/img/ultimate.html]
[apkhost.me/cdn.jsdelivr.net/gh/needim/noty@77268c46/lib/noty.html]
[apkhost.me/cdnjs.cloudflare.com/ajax/libs/animate.css/3.5.2/animate.min.html]
[apkhost.me/loja01/download/release/index.html]
[apkhost.me/loja01/download/termos.html]
[apkhost.me/loja01/download/img/giphy.gif]
[apkhost.me/loja01/download/img/foto1.png]
[apkhost.me/loja01/download/WsVpn.apk]
[apkhost.me/loja01/download/img/foto2.png]
[apkhost.me/silentplhs.net/download/img/ultimate.html]
[apkhost.me/loja01/download/BRVpn.apk]
[apkhost.me/loja01/download/img/foto3.png]
[apkhost.me/loja01/download/NetVpn.apk]
[apkhost.me/loja01/css/bootstrap.min.css]
[apkhost.me/loja01/download/img/foto4.png]
[apkhost.me/loja01/download/PlayNet.apk]
[apkhost.me/loja01/css/icons.min.css]
[apkhost.me/loja01/css/app.min.css]
[apkhost.me/loja01/download/img/foto5.png]
[apkhost.me/loja01/download/BrasilSSH.apk]
